00:12:53 **** Incremental Build of configuration Debug for project corespi ****
make all 
make: Nothing to be done for `all'.
00:16:56 **** Auto Build of configuration Debug for project corespi ****
make all 
Building file: ../src/spi_tester.c
Invoking: ARM gcc compiler
arm-xilinx-eabi-gcc -Wall -O0 -g3 -c -fmessage-length=0 -MT"src/spi_tester.o" -I../../corespi_bsp/ps7_cortexa9_0/include -MMD -MP -MF"src/spi_tester.d" -MT"src/spi_tester.o" -o "src/spi_tester.o" "../src/spi_tester.c"
Finished building: ../src/spi_tester.c
 
Building target: corespi.elf
Invoking: ARM gcc linker
arm-xilinx-eabi-gcc -Wl,-T -Wl,../src/lscript.ld -L../../corespi_bsp/ps7_cortexa9_0/lib -o "corespi.elf"  ./src/platform.o ./src/spi_tester.o   -Wl,--start-group,-lxil,-lgcc,-lc,--end-group
Finished building target: corespi.elf
 
Invoking: ARM Print Size
arm-xilinx-eabi-size corespi.elf  |tee "corespi.elf.size"
   text	   data	    bss	    dec	    hex	filename
  32448	   1200	  22692	  56340	   dc14	corespi.elf
Finished building: corespi.elf.size
 
00:17:35 **** Auto Build of configuration Debug for project corespi ****
make all 
Building file: ../src/spi_tester.c
Invoking: ARM gcc compiler
arm-xilinx-eabi-gcc -Wall -O0 -g3 -c -fmessage-length=0 -MT"src/spi_tester.o" -I../../corespi_bsp/ps7_cortexa9_0/include -MMD -MP -MF"src/spi_tester.d" -MT"src/spi_tester.o" -o "src/spi_tester.o" "../src/spi_tester.c"
Finished building: ../src/spi_tester.c
 
Building target: corespi.elf
Invoking: ARM gcc linker
arm-xilinx-eabi-gcc -Wl,-T -Wl,../src/lscript.ld -L../../corespi_bsp/ps7_cortexa9_0/lib -o "corespi.elf"  ./src/platform.o ./src/spi_tester.o   -Wl,--start-group,-lxil,-lgcc,-lc,--end-group
Finished building target: corespi.elf
 
Invoking: ARM Print Size
arm-xilinx-eabi-size corespi.elf  |tee "corespi.elf.size"
   text	   data	    bss	    dec	    hex	filename
  32448	   1200	  22692	  56340	   dc14	corespi.elf
Finished building: corespi.elf.size
 
00:29:01 **** Auto Build of configuration Debug for project corespi ****
make all 
Building file: ../src/spi_tester.c
Invoking: ARM gcc compiler
arm-xilinx-eabi-gcc -Wall -O0 -g3 -c -fmessage-length=0 -MT"src/spi_tester.o" -I../../corespi_bsp/ps7_cortexa9_0/include -MMD -MP -MF"src/spi_tester.d" -MT"src/spi_tester.o" -o "src/spi_tester.o" "../src/spi_tester.c"
Finished building: ../src/spi_tester.c
 
Building target: corespi.elf
Invoking: ARM gcc linker
arm-xilinx-eabi-gcc -Wl,-T -Wl,../src/lscript.ld -L../../corespi_bsp/ps7_cortexa9_0/lib -o "corespi.elf"  ./src/platform.o ./src/spi_tester.o   -Wl,--start-group,-lxil,-lgcc,-lc,--end-group
Finished building target: corespi.elf
 
Invoking: ARM Print Size
arm-xilinx-eabi-size corespi.elf  |tee "corespi.elf.size"
   text	   data	    bss	    dec	    hex	filename
  32448	   1200	  22692	  56340	   dc14	corespi.elf
Finished building: corespi.elf.size
 
00:29:54 **** Auto Build of configuration Debug for project corespi ****
make all 
Building file: ../src/spi_tester.c
Invoking: ARM gcc compiler
arm-xilinx-eabi-gcc -Wall -O0 -g3 -c -fmessage-length=0 -MT"src/spi_tester.o" -I../../corespi_bsp/ps7_cortexa9_0/include -MMD -MP -MF"src/spi_tester.d" -MT"src/spi_tester.o" -o "src/spi_tester.o" "../src/spi_tester.c"
Finished building: ../src/spi_tester.c
 
Building target: corespi.elf
Invoking: ARM gcc linker
arm-xilinx-eabi-gcc -Wl,-T -Wl,../src/lscript.ld -L../../corespi_bsp/ps7_cortexa9_0/lib -o "corespi.elf"  ./src/platform.o ./src/spi_tester.o   -Wl,--start-group,-lxil,-lgcc,-lc,--end-group
Finished building target: corespi.elf
 
Invoking: ARM Print Size
arm-xilinx-eabi-size corespi.elf  |tee "corespi.elf.size"
   text	   data	    bss	    dec	    hex	filename
  32448	   1200	  22692	  56340	   dc14	corespi.elf
Finished building: corespi.elf.size
 
02:17:24 **** Build of project corespi_bsp ****
make -k all 
Running Make include in ps7_cortexa9_0/libsrc/coresightps_dcc_v1_0/src
make -C ps7_cortexa9_0/libsrc/coresightps_dcc_v1_0/src -s include  "SHELL=/bin/sh" "COMPILER=arm-xilinx-eabi-gcc" "ARCHIVER=arm-xilinx-eabi-ar" "COMPILER_FLAGS=  -O2 -c" "EXTRA_COMPILER_FLAGS=-g"
Running Make include in ps7_cortexa9_0/libsrc/cpu_cortexa9_v2_1/src
make -C ps7_cortexa9_0/libsrc/cpu_cortexa9_v2_1/src -s include  "SHELL=/bin/sh" "COMPILER=arm-xilinx-eabi-gcc" "ARCHIVER=arm-xilinx-eabi-ar" "COMPILER_FLAGS=  -O2 -c" "EXTRA_COMPILER_FLAGS=-g"
Running Make include in ps7_cortexa9_0/libsrc/devcfg_v3_3/src
make -C ps7_cortexa9_0/libsrc/devcfg_v3_3/src -s include  "SHELL=/bin/sh" "COMPILER=arm-xilinx-eabi-gcc" "ARCHIVER=arm-xilinx-eabi-ar" "COMPILER_FLAGS=  -O2 -c" "EXTRA_COMPILER_FLAGS=-g"
Running Make include in ps7_cortexa9_0/libsrc/dmaps_v2_1/src
make -C ps7_cortexa9_0/libsrc/dmaps_v2_1/src -s include  "SHELL=/bin/sh" "COMPILER=arm-xilinx-eabi-gcc" "ARCHIVER=arm-xilinx-eabi-ar" "COMPILER_FLAGS=  -O2 -c" "EXTRA_COMPILER_FLAGS=-g"
Running Make include in ps7_cortexa9_0/libsrc/emacps_v3_0/src
make -C ps7_cortexa9_0/libsrc/emacps_v3_0/src -s include  "SHELL=/bin/sh" "COMPILER=arm-xilinx-eabi-gcc" "ARCHIVER=arm-xilinx-eabi-ar" "COMPILER_FLAGS=  -O2 -c" "EXTRA_COMPILER_FLAGS=-g"
Running Make include in ps7_cortexa9_0/libsrc/gpiops_v3_0/src
make -C ps7_cortexa9_0/libsrc/gpiops_v3_0/src -s include  "SHELL=/bin/sh" "COMPILER=arm-xilinx-eabi-gcc" "ARCHIVER=arm-xilinx-eabi-ar" "COMPILER_FLAGS=  -O2 -c" "EXTRA_COMPILER_FLAGS=-g"
Running Make include in ps7_cortexa9_0/libsrc/gpio_v4_0/src
make -C ps7_cortexa9_0/libsrc/gpio_v4_0/src -s include  "SHELL=/bin/sh" "COMPILER=arm-xilinx-eabi-gcc" "ARCHIVER=arm-xilinx-eabi-ar" "COMPILER_FLAGS=  -O2 -c" "EXTRA_COMPILER_FLAGS=-g"
Running Make include in ps7_cortexa9_0/libsrc/qspips_v3_2/src
make -C ps7_cortexa9_0/libsrc/qspips_v3_2/src -s include  "SHELL=/bin/sh" "COMPILER=arm-xilinx-eabi-gcc" "ARCHIVER=arm-xilinx-eabi-ar" "COMPILER_FLAGS=  -O2 -c" "EXTRA_COMPILER_FLAGS=-g"
Running Make include in ps7_cortexa9_0/libsrc/scugic_v3_0/src
make -C ps7_cortexa9_0/libsrc/scugic_v3_0/src -s include  "SHELL=/bin/sh" "COMPILER=arm-xilinx-eabi-gcc" "ARCHIVER=arm-xilinx-eabi-ar" "COMPILER_FLAGS=  -O2 -c" "EXTRA_COMPILER_FLAGS=-g"
Running Make include in ps7_cortexa9_0/libsrc/scutimer_v2_1/src
make -C ps7_cortexa9_0/libsrc/scutimer_v2_1/src -s include  "SHELL=/bin/sh" "COMPILER=arm-xilinx-eabi-gcc" "ARCHIVER=arm-xilinx-eabi-ar" "COMPILER_FLAGS=  -O2 -c" "EXTRA_COMPILER_FLAGS=-g"
Running Make include in ps7_cortexa9_0/libsrc/scuwdt_v2_1/src
make -C ps7_cortexa9_0/libsrc/scuwdt_v2_1/src -s include  "SHELL=/bin/sh" "COMPILER=arm-xilinx-eabi-gcc" "ARCHIVER=arm-xilinx-eabi-ar" "COMPILER_FLAGS=  -O2 -c" "EXTRA_COMPILER_FLAGS=-g"
Running Make include in ps7_cortexa9_0/libsrc/sdps_v2_4/src
make -C ps7_cortexa9_0/libsrc/sdps_v2_4/src -s include  "SHELL=/bin/sh" "COMPILER=arm-xilinx-eabi-gcc" "ARCHIVER=arm-xilinx-eabi-ar" "COMPILER_FLAGS=  -O2 -c" "EXTRA_COMPILER_FLAGS=-g"
Running Make include in ps7_cortexa9_0/libsrc/spi_v4_1/src
make -C ps7_cortexa9_0/libsrc/spi_v4_1/src -s include  "SHELL=/bin/sh" "COMPILER=arm-xilinx-eabi-gcc" "ARCHIVER=arm-xilinx-eabi-ar" "COMPILER_FLAGS=  -O2 -c" "EXTRA_COMPILER_FLAGS=-g"
Running Make include in ps7_cortexa9_0/libsrc/standalone_v5_1/src
make -C ps7_cortexa9_0/libsrc/standalone_v5_1/src -s include  "SHELL=/bin/sh" "COMPILER=arm-xilinx-eabi-gcc" "ARCHIVER=arm-xilinx-eabi-ar" "COMPILER_FLAGS=  -O2 -c" "EXTRA_COMPILER_FLAGS=-g"
Running Make include in ps7_cortexa9_0/libsrc/ttcps_v3_0/src
make -C ps7_cortexa9_0/libsrc/ttcps_v3_0/src -s include  "SHELL=/bin/sh" "COMPILER=arm-xilinx-eabi-gcc" "ARCHIVER=arm-xilinx-eabi-ar" "COMPILER_FLAGS=  -O2 -c" "EXTRA_COMPILER_FLAGS=-g"
Running Make include in ps7_cortexa9_0/libsrc/uartps_v3_0/src
make -C ps7_cortexa9_0/libsrc/uartps_v3_0/src -s include  "SHELL=/bin/sh" "COMPILER=arm-xilinx-eabi-gcc" "ARCHIVER=arm-xilinx-eabi-ar" "COMPILER_FLAGS=  -O2 -c" "EXTRA_COMPILER_FLAGS=-g"
Running Make include in ps7_cortexa9_0/libsrc/usbps_v2_2/src
make -C ps7_cortexa9_0/libsrc/usbps_v2_2/src -s include  "SHELL=/bin/sh" "COMPILER=arm-xilinx-eabi-gcc" "ARCHIVER=arm-xilinx-eabi-ar" "COMPILER_FLAGS=  -O2 -c" "EXTRA_COMPILER_FLAGS=-g"
Running Make include in ps7_cortexa9_0/libsrc/xadcps_v2_2/src
make -C ps7_cortexa9_0/libsrc/xadcps_v2_2/src -s include  "SHELL=/bin/sh" "COMPILER=arm-xilinx-eabi-gcc" "ARCHIVER=arm-xilinx-eabi-ar" "COMPILER_FLAGS=  -O2 -c" "EXTRA_COMPILER_FLAGS=-g"
Running Make libs in ps7_cortexa9_0/libsrc/coresightps_dcc_v1_0/src
make -C ps7_cortexa9_0/libsrc/coresightps_dcc_v1_0/src -s libs  "SHELL=/bin/sh" "COMPILER=arm-xilinx-eabi-gcc" "ARCHIVER=arm-xilinx-eabi-ar" "COMPILER_FLAGS=  -O2 -c" "EXTRA_COMPILER_FLAGS=-g"
Compiling coresightps_dcc
Running Make libs in ps7_cortexa9_0/libsrc/cpu_cortexa9_v2_1/src
make -C ps7_cortexa9_0/libsrc/cpu_cortexa9_v2_1/src -s libs  "SHELL=/bin/sh" "COMPILER=arm-xilinx-eabi-gcc" "ARCHIVER=arm-xilinx-eabi-ar" "COMPILER_FLAGS=  -O2 -c" "EXTRA_COMPILER_FLAGS=-g"
Compiling cpu_cortexa9
Running Make libs in ps7_cortexa9_0/libsrc/devcfg_v3_3/src
make -C ps7_cortexa9_0/libsrc/devcfg_v3_3/src -s libs  "SHELL=/bin/sh" "COMPILER=arm-xilinx-eabi-gcc" "ARCHIVER=arm-xilinx-eabi-ar" "COMPILER_FLAGS=  -O2 -c" "EXTRA_COMPILER_FLAGS=-g"
Compiling devcfg
Running Make libs in ps7_cortexa9_0/libsrc/dmaps_v2_1/src
make -C ps7_cortexa9_0/libsrc/dmaps_v2_1/src -s libs  "SHELL=/bin/sh" "COMPILER=arm-xilinx-eabi-gcc" "ARCHIVER=arm-xilinx-eabi-ar" "COMPILER_FLAGS=  -O2 -c" "EXTRA_COMPILER_FLAGS=-g"
Compiling dmaps
Running Make libs in ps7_cortexa9_0/libsrc/emacps_v3_0/src
make -C ps7_cortexa9_0/libsrc/emacps_v3_0/src -s libs  "SHELL=/bin/sh" "COMPILER=arm-xilinx-eabi-gcc" "ARCHIVER=arm-xilinx-eabi-ar" "COMPILER_FLAGS=  -O2 -c" "EXTRA_COMPILER_FLAGS=-g"
Compiling emacps
Running Make libs in ps7_cortexa9_0/libsrc/gpiops_v3_0/src
make -C ps7_cortexa9_0/libsrc/gpiops_v3_0/src -s libs  "SHELL=/bin/sh" "COMPILER=arm-xilinx-eabi-gcc" "ARCHIVER=arm-xilinx-eabi-ar" "COMPILER_FLAGS=  -O2 -c" "EXTRA_COMPILER_FLAGS=-g"
Compiling gpiops
Running Make libs in ps7_cortexa9_0/libsrc/gpio_v4_0/src
make -C ps7_cortexa9_0/libsrc/gpio_v4_0/src -s libs  "SHELL=/bin/sh" "COMPILER=arm-xilinx-eabi-gcc" "ARCHIVER=arm-xilinx-eabi-ar" "COMPILER_FLAGS=  -O2 -c" "EXTRA_COMPILER_FLAGS=-g"
Compiling gpio
Running Make libs in ps7_cortexa9_0/libsrc/qspips_v3_2/src
make -C ps7_cortexa9_0/libsrc/qspips_v3_2/src -s libs  "SHELL=/bin/sh" "COMPILER=arm-xilinx-eabi-gcc" "ARCHIVER=arm-xilinx-eabi-ar" "COMPILER_FLAGS=  -O2 -c" "EXTRA_COMPILER_FLAGS=-g"
Compiling qspips
Running Make libs in ps7_cortexa9_0/libsrc/scugic_v3_0/src
make -C ps7_cortexa9_0/libsrc/scugic_v3_0/src -s libs  "SHELL=/bin/sh" "COMPILER=arm-xilinx-eabi-gcc" "ARCHIVER=arm-xilinx-eabi-ar" "COMPILER_FLAGS=  -O2 -c" "EXTRA_COMPILER_FLAGS=-g"
Compiling scugic
Running Make libs in ps7_cortexa9_0/libsrc/scutimer_v2_1/src
make -C ps7_cortexa9_0/libsrc/scutimer_v2_1/src -s libs  "SHELL=/bin/sh" "COMPILER=arm-xilinx-eabi-gcc" "ARCHIVER=arm-xilinx-eabi-ar" "COMPILER_FLAGS=  -O2 -c" "EXTRA_COMPILER_FLAGS=-g"
Compiling scutimer
Running Make libs in ps7_cortexa9_0/libsrc/scuwdt_v2_1/src
make -C ps7_cortexa9_0/libsrc/scuwdt_v2_1/src -s libs  "SHELL=/bin/sh" "COMPILER=arm-xilinx-eabi-gcc" "ARCHIVER=arm-xilinx-eabi-ar" "COMPILER_FLAGS=  -O2 -c" "EXTRA_COMPILER_FLAGS=-g"
Compiling scuwdt
Running Make libs in ps7_cortexa9_0/libsrc/sdps_v2_4/src
make -C ps7_cortexa9_0/libsrc/sdps_v2_4/src -s libs  "SHELL=/bin/sh" "COMPILER=arm-xilinx-eabi-gcc" "ARCHIVER=arm-xilinx-eabi-ar" "COMPILER_FLAGS=  -O2 -c" "EXTRA_COMPILER_FLAGS=-g"
Compiling sdps
Running Make libs in ps7_cortexa9_0/libsrc/spi_v4_1/src
make -C ps7_cortexa9_0/libsrc/spi_v4_1/src -s libs  "SHELL=/bin/sh" "COMPILER=arm-xilinx-eabi-gcc" "ARCHIVER=arm-xilinx-eabi-ar" "COMPILER_FLAGS=  -O2 -c" "EXTRA_COMPILER_FLAGS=-g"
Compiling spi
Running Make libs in ps7_cortexa9_0/libsrc/standalone_v5_1/src
make -C ps7_cortexa9_0/libsrc/standalone_v5_1/src -s libs  "SHELL=/bin/sh" "COMPILER=arm-xilinx-eabi-gcc" "ARCHIVER=arm-xilinx-eabi-ar" "COMPILER_FLAGS=  -O2 -c" "EXTRA_COMPILER_FLAGS=-g"
Compiling standalone
Running Make libs in ps7_cortexa9_0/libsrc/ttcps_v3_0/src
make -C ps7_cortexa9_0/libsrc/ttcps_v3_0/src -s libs  "SHELL=/bin/sh" "COMPILER=arm-xilinx-eabi-gcc" "ARCHIVER=arm-xilinx-eabi-ar" "COMPILER_FLAGS=  -O2 -c" "EXTRA_COMPILER_FLAGS=-g"
Compiling ttcps
Running Make libs in ps7_cortexa9_0/libsrc/uartps_v3_0/src
make -C ps7_cortexa9_0/libsrc/uartps_v3_0/src -s libs  "SHELL=/bin/sh" "COMPILER=arm-xilinx-eabi-gcc" "ARCHIVER=arm-xilinx-eabi-ar" "COMPILER_FLAGS=  -O2 -c" "EXTRA_COMPILER_FLAGS=-g"
Compiling uartps
Running Make libs in ps7_cortexa9_0/libsrc/usbps_v2_2/src
make -C ps7_cortexa9_0/libsrc/usbps_v2_2/src -s libs  "SHELL=/bin/sh" "COMPILER=arm-xilinx-eabi-gcc" "ARCHIVER=arm-xilinx-eabi-ar" "COMPILER_FLAGS=  -O2 -c" "EXTRA_COMPILER_FLAGS=-g"
Compiling usbps
Running Make libs in ps7_cortexa9_0/libsrc/xadcps_v2_2/src
make -C ps7_cortexa9_0/libsrc/xadcps_v2_2/src -s libs  "SHELL=/bin/sh" "COMPILER=arm-xilinx-eabi-gcc" "ARCHIVER=arm-xilinx-eabi-ar" "COMPILER_FLAGS=  -O2 -c" "EXTRA_COMPILER_FLAGS=-g"
Compiling xadcps
Finished building libraries
02:17:52 **** Build of configuration Debug for project corespi ****
make all 
Building file: ../src/platform.c
Invoking: ARM gcc compiler
arm-xilinx-eabi-gcc -Wall -O0 -g3 -c -fmessage-length=0 -MT"src/platform.o" -I../../corespi_bsp/ps7_cortexa9_0/include -MMD -MP -MF"src/platform.d" -MT"src/platform.o" -o "src/platform.o" "../src/platform.c"
Finished building: ../src/platform.c
 
Building file: ../src/spi_tester.c
Invoking: ARM gcc compiler
arm-xilinx-eabi-gcc -Wall -O0 -g3 -c -fmessage-length=0 -MT"src/spi_tester.o" -I../../corespi_bsp/ps7_cortexa9_0/include -MMD -MP -MF"src/spi_tester.d" -MT"src/spi_tester.o" -o "src/spi_tester.o" "../src/spi_tester.c"
Finished building: ../src/spi_tester.c
 
Building target: corespi.elf
Invoking: ARM gcc linker
arm-xilinx-eabi-gcc -Wl,-T -Wl,../src/lscript.ld -L../../corespi_bsp/ps7_cortexa9_0/lib -o "corespi.elf"  ./src/platform.o ./src/spi_tester.o   -Wl,--start-group,-lxil,-lgcc,-lc,--end-group
Finished building target: corespi.elf
 
Invoking: ARM Print Size
arm-xilinx-eabi-size corespi.elf  |tee "corespi.elf.size"
   text	   data	    bss	    dec	    hex	filename
  32448	   1200	  22692	  56340	   dc14	corespi.elf
Finished building: corespi.elf.size
 
02:52:27 **** Auto Build of project corespi_bsp ****
make -k all 
Running Make include in ps7_cortexa9_0/libsrc/coresightps_dcc_v1_0/src
make -C ps7_cortexa9_0/libsrc/coresightps_dcc_v1_0/src -s include  "SHELL=/bin/sh" "COMPILER=arm-xilinx-eabi-gcc" "ARCHIVER=arm-xilinx-eabi-ar" "COMPILER_FLAGS=  -O2 -c" "EXTRA_COMPILER_FLAGS=-g"
Running Make include in ps7_cortexa9_0/libsrc/cpu_cortexa9_v2_1/src
make -C ps7_cortexa9_0/libsrc/cpu_cortexa9_v2_1/src -s include  "SHELL=/bin/sh" "COMPILER=arm-xilinx-eabi-gcc" "ARCHIVER=arm-xilinx-eabi-ar" "COMPILER_FLAGS=  -O2 -c" "EXTRA_COMPILER_FLAGS=-g"
Running Make include in ps7_cortexa9_0/libsrc/devcfg_v3_3/src
make -C ps7_cortexa9_0/libsrc/devcfg_v3_3/src -s include  "SHELL=/bin/sh" "COMPILER=arm-xilinx-eabi-gcc" "ARCHIVER=arm-xilinx-eabi-ar" "COMPILER_FLAGS=  -O2 -c" "EXTRA_COMPILER_FLAGS=-g"
Running Make include in ps7_cortexa9_0/libsrc/dmaps_v2_1/src
make -C ps7_cortexa9_0/libsrc/dmaps_v2_1/src -s include  "SHELL=/bin/sh" "COMPILER=arm-xilinx-eabi-gcc" "ARCHIVER=arm-xilinx-eabi-ar" "COMPILER_FLAGS=  -O2 -c" "EXTRA_COMPILER_FLAGS=-g"
Running Make include in ps7_cortexa9_0/libsrc/emacps_v3_0/src
make -C ps7_cortexa9_0/libsrc/emacps_v3_0/src -s include  "SHELL=/bin/sh" "COMPILER=arm-xilinx-eabi-gcc" "ARCHIVER=arm-xilinx-eabi-ar" "COMPILER_FLAGS=  -O2 -c" "EXTRA_COMPILER_FLAGS=-g"
Running Make include in ps7_cortexa9_0/libsrc/gpiops_v3_0/src
make -C ps7_cortexa9_0/libsrc/gpiops_v3_0/src -s include  "SHELL=/bin/sh" "COMPILER=arm-xilinx-eabi-gcc" "ARCHIVER=arm-xilinx-eabi-ar" "COMPILER_FLAGS=  -O2 -c" "EXTRA_COMPILER_FLAGS=-g"
Running Make include in ps7_cortexa9_0/libsrc/gpio_v4_0/src
make -C ps7_cortexa9_0/libsrc/gpio_v4_0/src -s include  "SHELL=/bin/sh" "COMPILER=arm-xilinx-eabi-gcc" "ARCHIVER=arm-xilinx-eabi-ar" "COMPILER_FLAGS=  -O2 -c" "EXTRA_COMPILER_FLAGS=-g"
Running Make include in ps7_cortexa9_0/libsrc/qspips_v3_2/src
make -C ps7_cortexa9_0/libsrc/qspips_v3_2/src -s include  "SHELL=/bin/sh" "COMPILER=arm-xilinx-eabi-gcc" "ARCHIVER=arm-xilinx-eabi-ar" "COMPILER_FLAGS=  -O2 -c" "EXTRA_COMPILER_FLAGS=-g"
Running Make include in ps7_cortexa9_0/libsrc/scugic_v3_0/src
make -C ps7_cortexa9_0/libsrc/scugic_v3_0/src -s include  "SHELL=/bin/sh" "COMPILER=arm-xilinx-eabi-gcc" "ARCHIVER=arm-xilinx-eabi-ar" "COMPILER_FLAGS=  -O2 -c" "EXTRA_COMPILER_FLAGS=-g"
Running Make include in ps7_cortexa9_0/libsrc/scutimer_v2_1/src
make -C ps7_cortexa9_0/libsrc/scutimer_v2_1/src -s include  "SHELL=/bin/sh" "COMPILER=arm-xilinx-eabi-gcc" "ARCHIVER=arm-xilinx-eabi-ar" "COMPILER_FLAGS=  -O2 -c" "EXTRA_COMPILER_FLAGS=-g"
Running Make include in ps7_cortexa9_0/libsrc/scuwdt_v2_1/src
make -C ps7_cortexa9_0/libsrc/scuwdt_v2_1/src -s include  "SHELL=/bin/sh" "COMPILER=arm-xilinx-eabi-gcc" "ARCHIVER=arm-xilinx-eabi-ar" "COMPILER_FLAGS=  -O2 -c" "EXTRA_COMPILER_FLAGS=-g"
Running Make include in ps7_cortexa9_0/libsrc/sdps_v2_4/src
make -C ps7_cortexa9_0/libsrc/sdps_v2_4/src -s include  "SHELL=/bin/sh" "COMPILER=arm-xilinx-eabi-gcc" "ARCHIVER=arm-xilinx-eabi-ar" "COMPILER_FLAGS=  -O2 -c" "EXTRA_COMPILER_FLAGS=-g"
Running Make include in ps7_cortexa9_0/libsrc/spi_v4_1/src
make -C ps7_cortexa9_0/libsrc/spi_v4_1/src -s include  "SHELL=/bin/sh" "COMPILER=arm-xilinx-eabi-gcc" "ARCHIVER=arm-xilinx-eabi-ar" "COMPILER_FLAGS=  -O2 -c" "EXTRA_COMPILER_FLAGS=-g"
Running Make include in ps7_cortexa9_0/libsrc/standalone_v5_1/src
make -C ps7_cortexa9_0/libsrc/standalone_v5_1/src -s include  "SHELL=/bin/sh" "COMPILER=arm-xilinx-eabi-gcc" "ARCHIVER=arm-xilinx-eabi-ar" "COMPILER_FLAGS=  -O2 -c" "EXTRA_COMPILER_FLAGS=-g"
Running Make include in ps7_cortexa9_0/libsrc/ttcps_v3_0/src
make -C ps7_cortexa9_0/libsrc/ttcps_v3_0/src -s include  "SHELL=/bin/sh" "COMPILER=arm-xilinx-eabi-gcc" "ARCHIVER=arm-xilinx-eabi-ar" "COMPILER_FLAGS=  -O2 -c" "EXTRA_COMPILER_FLAGS=-g"
Running Make include in ps7_cortexa9_0/libsrc/uartps_v3_0/src
make -C ps7_cortexa9_0/libsrc/uartps_v3_0/src -s include  "SHELL=/bin/sh" "COMPILER=arm-xilinx-eabi-gcc" "ARCHIVER=arm-xilinx-eabi-ar" "COMPILER_FLAGS=  -O2 -c" "EXTRA_COMPILER_FLAGS=-g"
Running Make include in ps7_cortexa9_0/libsrc/usbps_v2_2/src
make -C ps7_cortexa9_0/libsrc/usbps_v2_2/src -s include  "SHELL=/bin/sh" "COMPILER=arm-xilinx-eabi-gcc" "ARCHIVER=arm-xilinx-eabi-ar" "COMPILER_FLAGS=  -O2 -c" "EXTRA_COMPILER_FLAGS=-g"
Running Make include in ps7_cortexa9_0/libsrc/xadcps_v2_2/src
make -C ps7_cortexa9_0/libsrc/xadcps_v2_2/src -s include  "SHELL=/bin/sh" "COMPILER=arm-xilinx-eabi-gcc" "ARCHIVER=arm-xilinx-eabi-ar" "COMPILER_FLAGS=  -O2 -c" "EXTRA_COMPILER_FLAGS=-g"
Running Make libs in ps7_cortexa9_0/libsrc/coresightps_dcc_v1_0/src
make -C ps7_cortexa9_0/libsrc/coresightps_dcc_v1_0/src -s libs  "SHELL=/bin/sh" "COMPILER=arm-xilinx-eabi-gcc" "ARCHIVER=arm-xilinx-eabi-ar" "COMPILER_FLAGS=  -O2 -c" "EXTRA_COMPILER_FLAGS=-g"
Compiling coresightps_dcc
Running Make libs in ps7_cortexa9_0/libsrc/cpu_cortexa9_v2_1/src
make -C ps7_cortexa9_0/libsrc/cpu_cortexa9_v2_1/src -s libs  "SHELL=/bin/sh" "COMPILER=arm-xilinx-eabi-gcc" "ARCHIVER=arm-xilinx-eabi-ar" "COMPILER_FLAGS=  -O2 -c" "EXTRA_COMPILER_FLAGS=-g"
Compiling cpu_cortexa9
Running Make libs in ps7_cortexa9_0/libsrc/devcfg_v3_3/src
make -C ps7_cortexa9_0/libsrc/devcfg_v3_3/src -s libs  "SHELL=/bin/sh" "COMPILER=arm-xilinx-eabi-gcc" "ARCHIVER=arm-xilinx-eabi-ar" "COMPILER_FLAGS=  -O2 -c" "EXTRA_COMPILER_FLAGS=-g"
Compiling devcfg
Running Make libs in ps7_cortexa9_0/libsrc/dmaps_v2_1/src
make -C ps7_cortexa9_0/libsrc/dmaps_v2_1/src -s libs  "SHELL=/bin/sh" "COMPILER=arm-xilinx-eabi-gcc" "ARCHIVER=arm-xilinx-eabi-ar" "COMPILER_FLAGS=  -O2 -c" "EXTRA_COMPILER_FLAGS=-g"
Compiling dmaps
Running Make libs in ps7_cortexa9_0/libsrc/emacps_v3_0/src
make -C ps7_cortexa9_0/libsrc/emacps_v3_0/src -s libs  "SHELL=/bin/sh" "COMPILER=arm-xilinx-eabi-gcc" "ARCHIVER=arm-xilinx-eabi-ar" "COMPILER_FLAGS=  -O2 -c" "EXTRA_COMPILER_FLAGS=-g"
Compiling emacps
Running Make libs in ps7_cortexa9_0/libsrc/gpiops_v3_0/src
make -C ps7_cortexa9_0/libsrc/gpiops_v3_0/src -s libs  "SHELL=/bin/sh" "COMPILER=arm-xilinx-eabi-gcc" "ARCHIVER=arm-xilinx-eabi-ar" "COMPILER_FLAGS=  -O2 -c" "EXTRA_COMPILER_FLAGS=-g"
Compiling gpiops
Running Make libs in ps7_cortexa9_0/libsrc/gpio_v4_0/src
make -C ps7_cortexa9_0/libsrc/gpio_v4_0/src -s libs  "SHELL=/bin/sh" "COMPILER=arm-xilinx-eabi-gcc" "ARCHIVER=arm-xilinx-eabi-ar" "COMPILER_FLAGS=  -O2 -c" "EXTRA_COMPILER_FLAGS=-g"
Compiling gpio
Running Make libs in ps7_cortexa9_0/libsrc/qspips_v3_2/src
make -C ps7_cortexa9_0/libsrc/qspips_v3_2/src -s libs  "SHELL=/bin/sh" "COMPILER=arm-xilinx-eabi-gcc" "ARCHIVER=arm-xilinx-eabi-ar" "COMPILER_FLAGS=  -O2 -c" "EXTRA_COMPILER_FLAGS=-g"
Compiling qspips
Running Make libs in ps7_cortexa9_0/libsrc/scugic_v3_0/src
make -C ps7_cortexa9_0/libsrc/scugic_v3_0/src -s libs  "SHELL=/bin/sh" "COMPILER=arm-xilinx-eabi-gcc" "ARCHIVER=arm-xilinx-eabi-ar" "COMPILER_FLAGS=  -O2 -c" "EXTRA_COMPILER_FLAGS=-g"
Compiling scugic
Running Make libs in ps7_cortexa9_0/libsrc/scutimer_v2_1/src
make -C ps7_cortexa9_0/libsrc/scutimer_v2_1/src -s libs  "SHELL=/bin/sh" "COMPILER=arm-xilinx-eabi-gcc" "ARCHIVER=arm-xilinx-eabi-ar" "COMPILER_FLAGS=  -O2 -c" "EXTRA_COMPILER_FLAGS=-g"
Compiling scutimer
Running Make libs in ps7_cortexa9_0/libsrc/scuwdt_v2_1/src
make -C ps7_cortexa9_0/libsrc/scuwdt_v2_1/src -s libs  "SHELL=/bin/sh" "COMPILER=arm-xilinx-eabi-gcc" "ARCHIVER=arm-xilinx-eabi-ar" "COMPILER_FLAGS=  -O2 -c" "EXTRA_COMPILER_FLAGS=-g"
Compiling scuwdt
Running Make libs in ps7_cortexa9_0/libsrc/sdps_v2_4/src
make -C ps7_cortexa9_0/libsrc/sdps_v2_4/src -s libs  "SHELL=/bin/sh" "COMPILER=arm-xilinx-eabi-gcc" "ARCHIVER=arm-xilinx-eabi-ar" "COMPILER_FLAGS=  -O2 -c" "EXTRA_COMPILER_FLAGS=-g"
Compiling sdps
Running Make libs in ps7_cortexa9_0/libsrc/spi_v4_1/src
make -C ps7_cortexa9_0/libsrc/spi_v4_1/src -s libs  "SHELL=/bin/sh" "COMPILER=arm-xilinx-eabi-gcc" "ARCHIVER=arm-xilinx-eabi-ar" "COMPILER_FLAGS=  -O2 -c" "EXTRA_COMPILER_FLAGS=-g"
Compiling spi
Running Make libs in ps7_cortexa9_0/libsrc/standalone_v5_1/src
make -C ps7_cortexa9_0/libsrc/standalone_v5_1/src -s libs  "SHELL=/bin/sh" "COMPILER=arm-xilinx-eabi-gcc" "ARCHIVER=arm-xilinx-eabi-ar" "COMPILER_FLAGS=  -O2 -c" "EXTRA_COMPILER_FLAGS=-g"
Compiling standalone
Running Make libs in ps7_cortexa9_0/libsrc/ttcps_v3_0/src
make -C ps7_cortexa9_0/libsrc/ttcps_v3_0/src -s libs  "SHELL=/bin/sh" "COMPILER=arm-xilinx-eabi-gcc" "ARCHIVER=arm-xilinx-eabi-ar" "COMPILER_FLAGS=  -O2 -c" "EXTRA_COMPILER_FLAGS=-g"
Compiling ttcps
Running Make libs in ps7_cortexa9_0/libsrc/uartps_v3_0/src
make -C ps7_cortexa9_0/libsrc/uartps_v3_0/src -s libs  "SHELL=/bin/sh" "COMPILER=arm-xilinx-eabi-gcc" "ARCHIVER=arm-xilinx-eabi-ar" "COMPILER_FLAGS=  -O2 -c" "EXTRA_COMPILER_FLAGS=-g"
Compiling uartps
Running Make libs in ps7_cortexa9_0/libsrc/usbps_v2_2/src
make -C ps7_cortexa9_0/libsrc/usbps_v2_2/src -s libs  "SHELL=/bin/sh" "COMPILER=arm-xilinx-eabi-gcc" "ARCHIVER=arm-xilinx-eabi-ar" "COMPILER_FLAGS=  -O2 -c" "EXTRA_COMPILER_FLAGS=-g"
Compiling usbps
Running Make libs in ps7_cortexa9_0/libsrc/xadcps_v2_2/src
make -C ps7_cortexa9_0/libsrc/xadcps_v2_2/src -s libs  "SHELL=/bin/sh" "COMPILER=arm-xilinx-eabi-gcc" "ARCHIVER=arm-xilinx-eabi-ar" "COMPILER_FLAGS=  -O2 -c" "EXTRA_COMPILER_FLAGS=-g"
Compiling xadcps
Finished building libraries
02:52:52 **** Auto Build of configuration Debug for project corespi ****
make all 
Building file: ../src/platform.c
Invoking: ARM gcc compiler
arm-xilinx-eabi-gcc -Wall -O0 -g3 -c -fmessage-length=0 -MT"src/platform.o" -I../../corespi_bsp/ps7_cortexa9_0/include -MMD -MP -MF"src/platform.d" -MT"src/platform.o" -o "src/platform.o" "../src/platform.c"
Finished building: ../src/platform.c
 
Building file: ../src/spi_tester.c
Invoking: ARM gcc compiler
arm-xilinx-eabi-gcc -Wall -O0 -g3 -c -fmessage-length=0 -MT"src/spi_tester.o" -I../../corespi_bsp/ps7_cortexa9_0/include -MMD -MP -MF"src/spi_tester.d" -MT"src/spi_tester.o" -o "src/spi_tester.o" "../src/spi_tester.c"
Finished building: ../src/spi_tester.c
 
Building target: corespi.elf
Invoking: ARM gcc linker
arm-xilinx-eabi-gcc -Wl,-T -Wl,../src/lscript.ld -L../../corespi_bsp/ps7_cortexa9_0/lib -o "corespi.elf"  ./src/platform.o ./src/spi_tester.o   -Wl,--start-group,-lxil,-lgcc,-lc,--end-group
Finished building target: corespi.elf
 
Invoking: ARM Print Size
arm-xilinx-eabi-size corespi.elf  |tee "corespi.elf.size"
   text	   data	    bss	    dec	    hex	filename
  32448	   1200	  22692	  56340	   dc14	corespi.elf
Finished building: corespi.elf.size
 
02:54:13 **** Auto Build of configuration Debug for project corespi ****
make all 
Building file: ../src/spi_tester.c
Invoking: ARM gcc compiler
arm-xilinx-eabi-gcc -Wall -O0 -g3 -c -fmessage-length=0 -MT"src/spi_tester.o" -I../../corespi_bsp/ps7_cortexa9_0/include -MMD -MP -MF"src/spi_tester.d" -MT"src/spi_tester.o" -o "src/spi_tester.o" "../src/spi_tester.c"
Finished building: ../src/spi_tester.c
 
Building target: corespi.elf
Invoking: ARM gcc linker
arm-xilinx-eabi-gcc -Wl,-T -Wl,../src/lscript.ld -L../../corespi_bsp/ps7_cortexa9_0/lib -o "corespi.elf"  ./src/platform.o ./src/spi_tester.o   -Wl,--start-group,-lxil,-lgcc,-lc,--end-group
Finished building target: corespi.elf
 
Invoking: ARM Print Size
arm-xilinx-eabi-size corespi.elf  |tee "corespi.elf.size"
   text	   data	    bss	    dec	    hex	filename
  29864	   1192	  22692	  53748	   d1f4	corespi.elf
Finished building: corespi.elf.size
 
02:55:42 **** Auto Build of configuration Debug for project corespi ****
make all 
Building file: ../src/spi_tester.c
Invoking: ARM gcc compiler
arm-xilinx-eabi-gcc -Wall -O0 -g3 -c -fmessage-length=0 -MT"src/spi_tester.o" -I../../corespi_bsp/ps7_cortexa9_0/include -MMD -MP -MF"src/spi_tester.d" -MT"src/spi_tester.o" -o "src/spi_tester.o" "../src/spi_tester.c"
Finished building: ../src/spi_tester.c
 
Building target: corespi.elf
Invoking: ARM gcc linker
arm-xilinx-eabi-gcc -Wl,-T -Wl,../src/lscript.ld -L../../corespi_bsp/ps7_cortexa9_0/lib -o "corespi.elf"  ./src/platform.o ./src/spi_tester.o   -Wl,--start-group,-lxil,-lgcc,-lc,--end-group
Finished building target: corespi.elf
 
Invoking: ARM Print Size
arm-xilinx-eabi-size corespi.elf  |tee "corespi.elf.size"
   text	   data	    bss	    dec	    hex	filename
  29928	   1192	  22692	  53812	   d234	corespi.elf
Finished building: corespi.elf.size
 
02:58:33 **** Incremental Build of configuration Debug for project corespi ****
make all 
make: Nothing to be done for `all'.
03:00:17 **** Incremental Build of configuration Debug for project corespi ****
make all 
make: Nothing to be done for `all'.
03:01:25 **** Incremental Build of configuration Debug for project corespi ****
make all 
make: Nothing to be done for `all'.
03:01:44 **** Incremental Build of configuration Debug for project corespi ****
make all 
make: Nothing to be done for `all'.
03:01:51 **** Incremental Build of configuration Debug for project corespi ****
make all 
make: Nothing to be done for `all'.
03:02:10 **** Incremental Build of configuration Debug for project corespi ****
make all 
make: Nothing to be done for `all'.
03:02:46 **** Incremental Build of configuration Debug for project corespi ****
make all 
make: Nothing to be done for `all'.
03:04:55 **** Incremental Build of configuration Debug for project corespi ****
make all 
make: Nothing to be done for `all'.
03:07:37 **** Incremental Build of configuration Debug for project corespi ****
make all 
make: Nothing to be done for `all'.
03:09:26 **** Incremental Build of configuration Debug for project corespi ****
make all 
make: Nothing to be done for `all'.
03:10:49 **** Incremental Build of configuration Debug for project corespi ****
make all 
make: Nothing to be done for `all'.
03:11:45 **** Incremental Build of configuration Debug for project corespi ****
make all 
make: Nothing to be done for `all'.
03:11:59 **** Incremental Build of configuration Debug for project corespi ****
make all 
make: Nothing to be done for `all'.
03:12:33 **** Incremental Build of configuration Debug for project corespi ****
make all 
make: Nothing to be done for `all'.
03:14:38 **** Incremental Build of configuration Debug for project corespi ****
make all 
make: Nothing to be done for `all'.
03:19:44 **** Incremental Build of configuration Debug for project corespi ****
make all 
make: Nothing to be done for `all'.
03:20:48 **** Auto Build of configuration Debug for project corespi ****
make all 
Building file: ../src/spi_tester.c
Invoking: ARM gcc compiler
arm-xilinx-eabi-gcc -Wall -O0 -g3 -c -fmessage-length=0 -MT"src/spi_tester.o" -I../../corespi_bsp/ps7_cortexa9_0/include -MMD -MP -MF"src/spi_tester.d" -MT"src/spi_tester.o" -o "src/spi_tester.o" "../src/spi_tester.c"
Finished building: ../src/spi_tester.c
 
Building target: corespi.elf
Invoking: ARM gcc linker
arm-xilinx-eabi-gcc -Wl,-T -Wl,../src/lscript.ld -L../../corespi_bsp/ps7_cortexa9_0/lib -o "corespi.elf"  ./src/platform.o ./src/spi_tester.o   -Wl,--start-group,-lxil,-lgcc,-lc,--end-group
Finished building target: corespi.elf
 
Invoking: ARM Print Size
arm-xilinx-eabi-size corespi.elf  |tee "corespi.elf.size"
   text	   data	    bss	    dec	    hex	filename
  29928	   1192	  22692	  53812	   d234	corespi.elf
Finished building: corespi.elf.size
 
03:20:49 **** Incremental Build of configuration Debug for project corespi ****
make all 
make: Nothing to be done for `all'.
03:21:16 **** Incremental Build of configuration Debug for project corespi ****
make all 
make: Nothing to be done for `all'.
03:21:27 **** Auto Build of configuration Debug for project corespi ****
make all 
Building file: ../src/spi_tester.c
Invoking: ARM gcc compiler
arm-xilinx-eabi-gcc -Wall -O0 -g3 -c -fmessage-length=0 -MT"src/spi_tester.o" -I../../corespi_bsp/ps7_cortexa9_0/include -MMD -MP -MF"src/spi_tester.d" -MT"src/spi_tester.o" -o "src/spi_tester.o" "../src/spi_tester.c"
Finished building: ../src/spi_tester.c
 
Building target: corespi.elf
Invoking: ARM gcc linker
arm-xilinx-eabi-gcc -Wl,-T -Wl,../src/lscript.ld -L../../corespi_bsp/ps7_cortexa9_0/lib -o "corespi.elf"  ./src/platform.o ./src/spi_tester.o   -Wl,--start-group,-lxil,-lgcc,-lc,--end-group
Finished building target: corespi.elf
 
Invoking: ARM Print Size
arm-xilinx-eabi-size corespi.elf  |tee "corespi.elf.size"
   text	   data	    bss	    dec	    hex	filename
  29928	   1192	  22692	  53812	   d234	corespi.elf
Finished building: corespi.elf.size
 
03:24:30 **** Incremental Build of configuration Debug for project corespi ****
make all 
make: Nothing to be done for `all'.
03:25:34 **** Auto Build of configuration Debug for project corespi ****
make all 
Building file: ../src/spi_tester.c
Invoking: ARM gcc compiler
arm-xilinx-eabi-gcc -Wall -O0 -g3 -c -fmessage-length=0 -MT"src/spi_tester.o" -I../../corespi_bsp/ps7_cortexa9_0/include -MMD -MP -MF"src/spi_tester.d" -MT"src/spi_tester.o" -o "src/spi_tester.o" "../src/spi_tester.c"
Finished building: ../src/spi_tester.c
 
Building target: corespi.elf
Invoking: ARM gcc linker
arm-xilinx-eabi-gcc -Wl,-T -Wl,../src/lscript.ld -L../../corespi_bsp/ps7_cortexa9_0/lib -o "corespi.elf"  ./src/platform.o ./src/spi_tester.o   -Wl,--start-group,-lxil,-lgcc,-lc,--end-group
Finished building target: corespi.elf
 
Invoking: ARM Print Size
arm-xilinx-eabi-size corespi.elf  |tee "corespi.elf.size"
   text	   data	    bss	    dec	    hex	filename
  29928	   1192	  22692	  53812	   d234	corespi.elf
Finished building: corespi.elf.size
 
03:25:37 **** Incremental Build of configuration Debug for project corespi ****
make all 
make: Nothing to be done for `all'.
03:25:43 **** Incremental Build of configuration Debug for project corespi ****
make all 
make: Nothing to be done for `all'.
03:26:18 **** Auto Build of configuration Debug for project corespi ****
make all 
Building file: ../src/spi_tester.c
Invoking: ARM gcc compiler
arm-xilinx-eabi-gcc -Wall -O0 -g3 -c -fmessage-length=0 -MT"src/spi_tester.o" -I../../corespi_bsp/ps7_cortexa9_0/include -MMD -MP -MF"src/spi_tester.d" -MT"src/spi_tester.o" -o "src/spi_tester.o" "../src/spi_tester.c"
Finished building: ../src/spi_tester.c
 
Building target: corespi.elf
Invoking: ARM gcc linker
arm-xilinx-eabi-gcc -Wl,-T -Wl,../src/lscript.ld -L../../corespi_bsp/ps7_cortexa9_0/lib -o "corespi.elf"  ./src/platform.o ./src/spi_tester.o   -Wl,--start-group,-lxil,-lgcc,-lc,--end-group
Finished building target: corespi.elf
 
Invoking: ARM Print Size
arm-xilinx-eabi-size corespi.elf  |tee "corespi.elf.size"
   text	   data	    bss	    dec	    hex	filename
  29928	   1192	  22692	  53812	   d234	corespi.elf
Finished building: corespi.elf.size
 
03:26:32 **** Incremental Build of configuration Debug for project corespi ****
make all 
make: Nothing to be done for `all'.
03:28:45 **** Incremental Build of configuration Debug for project corespi ****
make all 
make: Nothing to be done for `all'.
03:32:44 **** Incremental Build of configuration Debug for project corespi ****
make all 
make: Nothing to be done for `all'.
03:33:07 **** Incremental Build of configuration Debug for project corespi ****
make all 
make: Nothing to be done for `all'.
03:33:30 **** Auto Build of configuration Debug for project corespi ****
make all 
Building file: ../src/spi_tester.c
Invoking: ARM gcc compiler
arm-xilinx-eabi-gcc -Wall -O0 -g3 -c -fmessage-length=0 -MT"src/spi_tester.o" -I../../corespi_bsp/ps7_cortexa9_0/include -MMD -MP -MF"src/spi_tester.d" -MT"src/spi_tester.o" -o "src/spi_tester.o" "../src/spi_tester.c"
Finished building: ../src/spi_tester.c
 
Building target: corespi.elf
Invoking: ARM gcc linker
arm-xilinx-eabi-gcc -Wl,-T -Wl,../src/lscript.ld -L../../corespi_bsp/ps7_cortexa9_0/lib -o "corespi.elf"  ./src/platform.o ./src/spi_tester.o   -Wl,--start-group,-lxil,-lgcc,-lc,--end-group
Finished building target: corespi.elf
 
Invoking: ARM Print Size
arm-xilinx-eabi-size corespi.elf  |tee "corespi.elf.size"
   text	   data	    bss	    dec	    hex	filename
  29928	   1192	  22692	  53812	   d234	corespi.elf
Finished building: corespi.elf.size
 
03:33:34 **** Incremental Build of configuration Debug for project corespi ****
make all 
make: Nothing to be done for `all'.
03:37:52 **** Auto Build of configuration Debug for project corespi ****
make all 
Building file: ../src/spi_tester.c
Invoking: ARM gcc compiler
arm-xilinx-eabi-gcc -Wall -O0 -g3 -c -fmessage-length=0 -MT"src/spi_tester.o" -I../../corespi_bsp/ps7_cortexa9_0/include -MMD -MP -MF"src/spi_tester.d" -MT"src/spi_tester.o" -o "src/spi_tester.o" "../src/spi_tester.c"
Finished building: ../src/spi_tester.c
 
Building target: corespi.elf
Invoking: ARM gcc linker
arm-xilinx-eabi-gcc -Wl,-T -Wl,../src/lscript.ld -L../../corespi_bsp/ps7_cortexa9_0/lib -o "corespi.elf"  ./src/platform.o ./src/spi_tester.o   -Wl,--start-group,-lxil,-lgcc,-lc,--end-group
Finished building target: corespi.elf
 
Invoking: ARM Print Size
arm-xilinx-eabi-size corespi.elf  |tee "corespi.elf.size"
   text	   data	    bss	    dec	    hex	filename
  29916	   1192	  22692	  53800	   d228	corespi.elf
Finished building: corespi.elf.size
 
03:37:56 **** Incremental Build of configuration Debug for project corespi ****
make all 
make: Nothing to be done for `all'.
03:38:48 **** Auto Build of configuration Debug for project corespi ****
make all 
Building file: ../src/spi_tester.c
Invoking: ARM gcc compiler
arm-xilinx-eabi-gcc -Wall -O0 -g3 -c -fmessage-length=0 -MT"src/spi_tester.o" -I../../corespi_bsp/ps7_cortexa9_0/include -MMD -MP -MF"src/spi_tester.d" -MT"src/spi_tester.o" -o "src/spi_tester.o" "../src/spi_tester.c"
Finished building: ../src/spi_tester.c
 
Building target: corespi.elf
Invoking: ARM gcc linker
arm-xilinx-eabi-gcc -Wl,-T -Wl,../src/lscript.ld -L../../corespi_bsp/ps7_cortexa9_0/lib -o "corespi.elf"  ./src/platform.o ./src/spi_tester.o   -Wl,--start-group,-lxil,-lgcc,-lc,--end-group
Finished building target: corespi.elf
 
Invoking: ARM Print Size
arm-xilinx-eabi-size corespi.elf  |tee "corespi.elf.size"
   text	   data	    bss	    dec	    hex	filename
  29916	   1192	  22692	  53800	   d228	corespi.elf
Finished building: corespi.elf.size
 
03:38:50 **** Incremental Build of configuration Debug for project corespi ****
make all 
make: Nothing to be done for `all'.
03:39:02 **** Incremental Build of configuration Debug for project corespi ****
make all 
make: Nothing to be done for `all'.
03:42:27 **** Incremental Build of configuration Debug for project corespi ****
make all 
make: Nothing to be done for `all'.
03:53:23 **** Auto Build of configuration Debug for project corespi ****
make all 
Building file: ../src/spi_tester.c
Invoking: ARM gcc compiler
arm-xilinx-eabi-gcc -Wall -O0 -g3 -c -fmessage-length=0 -MT"src/spi_tester.o" -I../../corespi_bsp/ps7_cortexa9_0/include -MMD -MP -MF"src/spi_tester.d" -MT"src/spi_tester.o" -o "src/spi_tester.o" "../src/spi_tester.c"
Finished building: ../src/spi_tester.c
 
Building target: corespi.elf
Invoking: ARM gcc linker
arm-xilinx-eabi-gcc -Wl,-T -Wl,../src/lscript.ld -L../../corespi_bsp/ps7_cortexa9_0/lib -o "corespi.elf"  ./src/platform.o ./src/spi_tester.o   -Wl,--start-group,-lxil,-lgcc,-lc,--end-group
Finished building target: corespi.elf
 
Invoking: ARM Print Size
arm-xilinx-eabi-size corespi.elf  |tee "corespi.elf.size"
   text	   data	    bss	    dec	    hex	filename
  29912	   1192	  22692	  53796	   d224	corespi.elf
Finished building: corespi.elf.size
 
03:53:26 **** Incremental Build of configuration Debug for project corespi ****
make all 
make: Nothing to be done for `all'.
03:54:05 **** Incremental Build of configuration Debug for project corespi ****
make all 
make: Nothing to be done for `all'.
03:54:52 **** Incremental Build of configuration Debug for project corespi ****
make all 
make: Nothing to be done for `all'.
03:56:36 **** Incremental Build of configuration Debug for project corespi ****
make all 
make: Nothing to be done for `all'.
04:00:36 **** Incremental Build of configuration Debug for project corespi ****
make all 
make: Nothing to be done for `all'.
04:02:13 **** Incremental Build of configuration Debug for project corespi ****
make all 
make: Nothing to be done for `all'.
04:02:21 **** Incremental Build of configuration Debug for project corespi ****
make all 
make: Nothing to be done for `all'.
04:03:17 **** Incremental Build of configuration Debug for project corespi ****
make all 
make: Nothing to be done for `all'.
04:04:04 **** Incremental Build of configuration Debug for project corespi ****
make all 
make: Nothing to be done for `all'.
04:05:06 **** Auto Build of configuration Debug for project corespi ****
make all 
Building file: ../src/spi_tester.c
Invoking: ARM gcc compiler
arm-xilinx-eabi-gcc -Wall -O0 -g3 -c -fmessage-length=0 -MT"src/spi_tester.o" -I../../corespi_bsp/ps7_cortexa9_0/include -MMD -MP -MF"src/spi_tester.d" -MT"src/spi_tester.o" -o "src/spi_tester.o" "../src/spi_tester.c"
Finished building: ../src/spi_tester.c
 
Building target: corespi.elf
Invoking: ARM gcc linker
arm-xilinx-eabi-gcc -Wl,-T -Wl,../src/lscript.ld -L../../corespi_bsp/ps7_cortexa9_0/lib -o "corespi.elf"  ./src/platform.o ./src/spi_tester.o   -Wl,--start-group,-lxil,-lgcc,-lc,--end-group
Finished building target: corespi.elf
 
Invoking: ARM Print Size
arm-xilinx-eabi-size corespi.elf  |tee "corespi.elf.size"
   text	   data	    bss	    dec	    hex	filename
  29912	   1192	  22692	  53796	   d224	corespi.elf
Finished building: corespi.elf.size
 
04:05:10 **** Incremental Build of configuration Debug for project corespi ****
make all 
make: Nothing to be done for `all'.
04:06:11 **** Auto Build of configuration Debug for project corespi ****
make all 
Building file: ../src/spi_tester.c
Invoking: ARM gcc compiler
arm-xilinx-eabi-gcc -Wall -O0 -g3 -c -fmessage-length=0 -MT"src/spi_tester.o" -I../../corespi_bsp/ps7_cortexa9_0/include -MMD -MP -MF"src/spi_tester.d" -MT"src/spi_tester.o" -o "src/spi_tester.o" "../src/spi_tester.c"
Finished building: ../src/spi_tester.c
 
Building target: corespi.elf
Invoking: ARM gcc linker
arm-xilinx-eabi-gcc -Wl,-T -Wl,../src/lscript.ld -L../../corespi_bsp/ps7_cortexa9_0/lib -o "corespi.elf"  ./src/platform.o ./src/spi_tester.o   -Wl,--start-group,-lxil,-lgcc,-lc,--end-group
Finished building target: corespi.elf
 
Invoking: ARM Print Size
arm-xilinx-eabi-size corespi.elf  |tee "corespi.elf.size"
   text	   data	    bss	    dec	    hex	filename
  29912	   1192	  22692	  53796	   d224	corespi.elf
Finished building: corespi.elf.size
 
04:06:14 **** Incremental Build of configuration Debug for project corespi ****
make all 
make: Nothing to be done for `all'.
